// Vitest Snapshot v1, https://vitest.dev/guide/snapshot.html

exports[`Tests for Chip > get a snapshot of component 1`] = `"<div class="garnet-chip svelte-99jo0f"><div class="chip svelte-99jo0f" data-testid="chip"><span></span> </div></div>"`;
