// Vitest Snapshot v1, https://vitest.dev/guide/snapshot.html

exports[`Tests for Spinner > get a snapshot of component 1`] = `"<div class="garnet svelte-umkm7n"><div><div class="circle svelte-umkm7n" style="--size: 40px; --color: #733635; --duration: 0.75s;"></div></div>  </div>"`;
