// Vitest Snapshot v1, https://vitest.dev/guide/snapshot.html

exports[`Tests for Checkbox > get a snapshot of component 1`] = `"<div class="garnet-checkbox svelte-8xy9o5"><input type="checkbox" id="name" class="svelte-8xy9o5"> <label for="name" class="svelte-8xy9o5">Checkbox</label></div>"`;
