// Vitest Snapshot v1, https://vitest.dev/guide/snapshot.html

exports[`Tests for Dialog > get a snapshot of component 1`] = `"<button data-testid="buttonDialog" class="svelte-1u0li5y">Show dialog</button> <div class="garnet-dialog svelte-1u0li5y"> <div data-testid="modal" id="modal" class="svelte-1u0li5y"><div class="header svelte-1u0li5y"><h3>Modal title</h3> <button type="button" class="close svelte-1u0li5y" data-testid="close-button" title="close button"><button class="close-button svelte-myhoof" aria-label="Close"><svg class="close" viewBox="0 0 24 24" aria-hidden="true"><path fill="currentColor" d="M.439 21.44a1.5 1.5 0 0 0 2.122 2.121l9.262-9.261a.25.25 0 0 1 .354 0l9.262 9.263a1.5 1.5 0 1 0 2.122-2.121L14.3 12.177a.25.25 0 0 1 0-.354l9.263-9.262A1.5 1.5 0 0 0 21.439.44L12.177 9.7a.25.25 0 0 1-.354 0L2.561.44A1.5 1.5 0 0 0 .439 2.561L9.7 11.823a.25.25 0 0 1 0 .354Z"></path></svg></button></button></div> <p>Click on the X to close me</p></div></div>"`;
