// Vitest Snapshot v1, https://vitest.dev/guide/snapshot.html

exports[`Tests for Alert > get a snapshot of component 1`] = `
"<div class="garnet s-4Y75ZjC11XWf"><dialog class="alert alert-info fade-in s-4Y75ZjC11XWf" role="alertdialog" title="Alert Dialog"><div class="icon s-4Y75ZjC11XWf"><svg width="24px" height="24px" viewBox="0 0 512 512"><path d="M248 64C146.39 64 64 146.39 64 248s82.39 184 184 184 184-82.39 184-184S349.61 64 248 64z" fill="none" stroke="currentColor" stroke-miterlimit="10" stroke-width="32"></path><path fill="none" stroke="#ffffff" stroke-linecap="round" stroke-linejoin="round" stroke-width="32" d="M220 220h32v116"></path>
      <path fill="none" stroke="currentColor" stroke-linecap="round" stroke-miterlimit="10" stroke-width="32" d="M208 340h88"></path><path d="M248 130a26 26 0 1026 26 26 26 0 00-26-26z" fill="#ffffff"></path></svg><!--<Icon>--></div> <div class="message s-4Y75ZjC11XWf"><strong class="s-4Y75ZjC11XWf">Simple Info</strong> An info description</div> <div class="s-4Y75ZjC11XWf"><button class="s-4Y75ZjC11XWf">âœ–</button></div></dialog></div><!--<Alert>-->"
`;
