// Vitest Snapshot v1, https://vitest.dev/guide/snapshot.html

exports[`Tests for Alarm > get a snapshot of component 1`] = `"<p class="svelte-iolp12">Press button to increase the notification count:</p> <button>âž•</button> <button>Reset</button> <div class="garnet-alarm"><h3 class="svelte-iolp12">Alarm with label</h3> <div class="notifications svelte-iolp12"><div class="count  svelte-iolp12" style="--countColor: #733635; --countBackgroundColor: #f4f4f4;"><span data-testid="notifications">23</span></div> <svg class="bell  outline ring svelte-iolp12" xmlns="http://www.w3.org/2000/svg" viewBox="0 0 24 24" stroke-width="1.5" stroke="currentColor"><path d="M14.857 17.082a23.848 23.848 0 005.454-1.31A8.967 8.967 0 0118 9.75v-.7V9A6 6 0 006 9v.75a8.967 8.967 0 01-2.312 6.022c1.733.64 3.56 1.085 5.455 1.31m5.714 0a24.255 24.255 0 01-5.714 0m5.714 0a3 3 0 11-5.714 0" stroke-linecap="round" stroke-linejoin="round"></path></svg></div></div>"`;
